docker : #0 building with "desktop-linux" instance using docker driver
At line:15 char:1495
+ ... de\ripgrep\bin'; docker build -t one-api-custom:latest . 2>&1 | Out-F ...
+                      ~~~~~~~~~~~~~~~~~~~~~~~~~~~~~~~~~~~~~~~~~~~~
    + CategoryInfo          : NotSpecified: (#0 building wit...g docker driver:String) [], RemoteException
    + FullyQualifiedErrorId : NativeCommandError
 

#1 [internal] load build definition from Dockerfile
#1 transferring dockerfile: 1.24kB 0.0s done
#1 DONE 0.0s

#2 [internal] load metadata for docker.io/library/alpine:latest
#2 ...

#3 [internal] load metadata for docker.io/library/golang:alpine
#3 DONE 2.1s

#4 [internal] load metadata for docker.io/library/node:16
#4 DONE 2.2s

#2 [internal] load metadata for docker.io/library/alpine:latest
#2 DONE 2.2s

#5 [internal] load .dockerignore
#5 transferring context: 2B done
#5 DONE 0.1s

#6 [internal] load build context
#6 DONE 0.0s

#7 [builder2 1/8] FROM docker.io/library/golang:alpine@sha256:cf6fca6641884b8433441b2b0652976f975e1d0fdd26d177eaaf85960
87f3125
#7 resolve docker.io/library/golang:alpine@sha256:cf6fca6641884b8433441b2b0652976f975e1d0fdd26d177eaaf8596087f3125
#7 resolve docker.io/library/golang:alpine@sha256:cf6fca6641884b8433441b2b0652976f975e1d0fdd26d177eaaf8596087f3125 0.2s
 done
#7 DONE 0.2s

#8 [builder 1/6] FROM docker.io/library/node:16@sha256:f77a1aef2da8d83e45ec990f45df50f1a286c5fe8bbfb8c6e4246c6389705c0b
#8 resolve docker.io/library/node:16@sha256:f77a1aef2da8d83e45ec990f45df50f1a286c5fe8bbfb8c6e4246c6389705c0b 0.2s done
#8 DONE 0.2s

#9 [stage-2 1/4] FROM docker.io/library/alpine:latest@sha256:28bd5fe8b56d1bd048e5babf5b10710ebe0bae67db86916198a6eec434
943f8b
#9 resolve docker.io/library/alpine:latest@sha256:28bd5fe8b56d1bd048e5babf5b10710ebe0bae67db86916198a6eec434943f8b 0.2s
 done
#9 DONE 0.3s

#6 [internal] load build context
#6 transferring context: 12.01MB 4.7s
#6 transferring context: 13.26MB 6.4s done
#6 DONE 6.5s

#10 [builder 2/6] WORKDIR /web
#10 CACHED

#11 [builder 3/6] COPY ./VERSION .
#11 CACHED

#12 [builder2 4/8] ADD go.mod go.sum ./
#12 CACHED

#13 [builder2 2/8] RUN apk add --no-cache     gcc     musl-dev     sqlite-dev     build-base
#13 CACHED

#14 [builder2 3/8] WORKDIR /build
#14 CACHED

#15 [builder2 5/8] RUN go mod download
#15 CACHED

#16 [builder2 6/8] COPY . .
#16 ...

#17 [builder 4/6] COPY ./web .
#17 ...

#16 [builder2 6/8] COPY . .
#16 DONE 21.8s

#17 [builder 4/6] COPY ./web .
#17 DONE 21.9s

#18 [builder 5/6] RUN npm install --prefix /web/default &     npm install --prefix /web/berry &     npm install --prefi
x /web/air &     wait
#18 5.538 npm WARN ERESOLVE overriding peer dependency
#18 5.539 npm WARN While resolving: i18next@24.2.3
#18 5.539 npm WARN Found: typescript@7.0.2
#18 5.539 npm WARN node_modules/typescript
#18 5.539 npm WARN   peer typescript@">= 2.7" from fork-ts-checker-webpack-plugin@6.5.3
#18 5.539 npm WARN   node_modules/fork-ts-checker-webpack-plugin
#18 5.539 npm WARN     fork-ts-checker-webpack-plugin@"^6.5.0" from react-dev-utils@12.0.1
#18 5.540 npm WARN     node_modules/react-dev-utils
#18 5.540 npm WARN   1 more (tsutils)
#18 5.540 npm WARN 
#18 5.540 npm WARN Could not resolve dependency:
#18 5.540 npm WARN peerOptional typescript@"^3.2.1 || ^4" from react-scripts@5.0.1
#18 5.540 npm WARN node_modules/react-scripts
#18 5.540 npm WARN   react-scripts@"5.0.1" from the root project
#18 5.568 npm WARN EBADENGINE Unsupported engine {
#18 5.568 npm WARN EBADENGINE   package: 'node-releases@2.0.54',
#18 5.568 npm WARN EBADENGINE   required: { node: '>=18' },
#18 5.568 npm WARN EBADENGINE   current: { node: 'v16.20.2', npm: '8.19.4' }
#18 5.568 npm WARN EBADENGINE }
#18 5.572 npm WARN EBADENGINE Unsupported engine {
#18 5.572 npm WARN EBADENGINE   package: 'postcss-load-config@6.0.1',
#18 5.572 npm WARN EBADENGINE   required: { node: '>= 18' },
#18 5.572 npm WARN EBADENGINE   current: { node: 'v16.20.2', npm: '8.19.4' }
#18 5.573 npm WARN EBADENGINE }
#18 18.54 
#18 18.54 removed 1 package, changed 1 package, and audited 1358 packages in 17s
#18 18.54 
#18 18.54 274 packages are looking for funding
#18 18.54   run `npm fund` for details
#18 18.69 
#18 18.69 34 vulnerabilities (9 low, 10 moderate, 15 high)
#18 18.69 
#18 18.69 To address issues that do not require attention, run:
#18 18.69   npm audit fix
#18 18.69 
#18 18.69 To address all issues (including breaking changes), run:
#18 18.69   npm audit fix --force
#18 18.69 
#18 18.69 Run `npm audit` for details.
#18 18.70 npm notice 
#18 18.70 npm notice New major version of npm available! 8.19.4 -> 12.0.2
#18 18.70 npm notice Changelog: <https://github.com/npm/cli/releases/tag/v12.0.2>
#18 18.70 npm notice Run `npm install -g npm@12.0.2` to update!
#18 18.70 npm notice 
#18 55.06 npm WARN EBADENGINE Unsupported engine {
#18 55.06 npm WARN EBADENGINE   package: 'sass@1.104.0',
#18 55.06 npm WARN EBADENGINE   required: { node: '>=20.19.0' },
#18 55.06 npm WARN EBADENGINE   current: { node: 'v16.20.2', npm: '8.19.4' }
#18 55.06 npm WARN EBADENGINE }
#18 55.06 npm WARN EBADENGINE Unsupported engine {
#18 55.06 npm WARN EBADENGINE   package: 'node-releases@2.0.54',
#18 55.06 npm WARN EBADENGINE   required: { node: '>=18' },
#18 55.06 npm WARN EBADENGINE   current: { node: 'v16.20.2', npm: '8.19.4' }
#18 55.06 npm WARN EBADENGINE }
#18 55.07 npm WARN EBADENGINE Unsupported engine {
#18 55.07 npm WARN EBADENGINE   package: 'chokidar@5.0.0',
#18 55.07 npm WARN EBADENGINE   required: { node: '>= 20.19.0' },
#18 55.07 npm WARN EBADENGINE   current: { node: 'v16.20.2', npm: '8.19.4' }
#18 55.07 npm WARN EBADENGINE }
#18 55.07 npm WARN EBADENGINE Unsupported engine {
#18 55.07 npm WARN EBADENGINE   package: 'postcss-load-config@6.0.1',
#18 55.07 npm WARN EBADENGINE   required: { node: '>= 18' },
#18 55.07 npm WARN EBADENGINE   current: { node: 'v16.20.2', npm: '8.19.4' }
#18 55.07 npm WARN EBADENGINE }
#18 55.08 npm WARN EBADENGINE Unsupported engine {
#18 55.08 npm WARN EBADENGINE   package: 'readdirp@5.1.1',
#18 55.08 npm WARN EBADENGINE   required: { node: '>= 20.19.0' },
#18 55.08 npm WARN EBADENGINE   current: { node: 'v16.20.2', npm: '8.19.4' }
#18 55.08 npm WARN EBADENGINE }
#18 55.28 npm WARN EBADENGINE Unsupported engine {
#18 55.28 npm WARN EBADENGINE   package: 'node-releases@2.0.54',
#18 55.28 npm WARN EBADENGINE   required: { node: '>=18' },
#18 55.29 npm WARN EBADENGINE   current: { node: 'v16.20.2', npm: '8.19.4' }
#18 55.29 npm WARN EBADENGINE }
#18 55.29 npm WARN EBADENGINE Unsupported engine {
#18 55.29 npm WARN EBADENGINE   package: 'postcss-load-config@6.0.1',
#18 55.29 npm WARN EBADENGINE   required: { node: '>= 18' },
#18 55.29 npm WARN EBADENGINE   current: { node: 'v16.20.2', npm: '8.19.4' }
#18 55.29 npm WARN EBADENGINE }
#18 63.03 npm WARN deprecated sourcemap-codec@1.4.8: Please use @jridgewell/sourcemap-codec instead
#18 63.29 npm WARN deprecated rollup-plugin-terser@7.0.2: This package has been deprecated and is no longer maintained.
 Please use @rollup/plugin-terser
#18 63.89 npm WARN deprecated sourcemap-codec@1.4.8: Please use @jridgewell/sourcemap-codec instead
#18 64.14 npm WARN deprecated rollup-plugin-terser@7.0.2: This package has been deprecated and is no longer maintained.
 Please use @rollup/plugin-terser
#18 64.98 npm WARN deprecated workbox-cacheable-response@6.6.0: workbox-background-sync@6.6.0
#18 65.08 npm WARN deprecated workbox-google-analytics@6.6.0: It is not compatible with newer versions of GA starting w
ith v4, as long as you are using GAv3 it should be ok, but the package is not longer being maintained
#18 65.72 npm WARN deprecated workbox-cacheable-response@6.6.0: workbox-background-sync@6.6.0
#18 66.07 npm WARN deprecated workbox-google-analytics@6.6.0: It is not compatible with newer versions of GA starting w
ith v4, as long as you are using GAv3 it should be ok, but the package is not longer being maintained
#18 66.21 npm WARN deprecated stable@0.1.8: Modern JS already guarantees Array#sort() is a stable sort, so this library
 is deprecated. See the compatibility table on MDN: https://developer.mozilla.org/en-US/docs/Web/JavaScript/Reference/G
lobal_Objects/Array/sort#browser_compatibility
#18 66.39 npm WARN deprecated q@1.5.1: You or someone you depend on is using Q, the JavaScript Promise library that gav
e JavaScript developers strong feelings about promises. They can almost certainly migrate to the native JavaScript prom
ise now. Thank you literally everyone for joining me in this bet against the odds. Be excellent to each other.
#18 66.39 npm WARN deprecated 
#18 66.39 npm WARN deprecated (For a CapTP with native promises, see @endo/eventual-send and @endo/captp)
#18 66.90 npm WARN deprecated q@1.5.1: You or someone you depend on is using Q, the JavaScript Promise library that gav
e JavaScript developers strong feelings about promises. They can almost certainly migrate to the native JavaScript prom
ise now. Thank you literally everyone for joining me in this bet against the odds. Be excellent to each other.
#18 66.90 npm WARN deprecated 
#18 66.90 npm WARN deprecated (For a CapTP with native promises, see @endo/eventual-send and @endo/captp)
#18 66.98 npm WARN deprecated stable@0.1.8: Modern JS already guarantees Array#sort() is a stable sort, so this library
 is deprecated. See the compatibility table on MDN: https://developer.mozilla.org/en-US/docs/Web/JavaScript/Reference/G
lobal_Objects/Array/sort#browser_compatibility
#18 69.92 npm WARN deprecated whatwg-encoding@1.0.5: Use @exodus/bytes instead for a more spec-conformant and faster im
plementation
#18 70.00 npm WARN deprecated w3c-hr-time@1.0.2: Use your platform's native performance.now() and performance.timeOrigi
n.
#18 70.09 npm WARN deprecated domexception@2.0.1: Use your platform's native DOMException instead
#18 70.09 npm WARN deprecated abab@2.0.6: Use your platform's native atob() and btoa() methods instead
#18 70.37 npm WARN deprecated whatwg-encoding@1.0.5: Use @exodus/bytes instead for a more spec-conformant and faster im
plementation
#18 70.43 npm WARN deprecated text-encoding@0.6.4: no longer maintained
#18 70.56 npm WARN deprecated domexception@2.0.1: Use your platform's native DOMException instead
#18 70.56 npm WARN deprecated w3c-hr-time@1.0.2: Use your platform's native performance.now() and performance.timeOrigi
n.
#18 70.66 npm WARN deprecated abab@2.0.6: Use your platform's native atob() and btoa() methods instead
#18 70.89 npm WARN deprecated inflight@1.0.6: This module is not supported, and leaks memory. Do not use it. Check out 
lru-cache if you want a good and tested way to coalesce async requests by a key value, which is much more comprehensive
 and powerful.
#18 70.90 npm WARN deprecated uuid@8.3.2: uuid@10 and below is no longer supported.  For ESM codebases, update to uuid@
latest.  For CommonJS codebases, use uuid@11 (but be aware this version will likely be deprecated in 2028).
#18 70.99 npm WARN deprecated glob@7.2.3: Old versions of glob are not supported, and contain widely publicized securit
y vulnerabilities, which have been fixed in the current version. Please update. Support for old versions may be purchas
ed (at exorbitant rates) by contacting i@izs.me
#18 71.52 npm WARN deprecated inflight@1.0.6: This module is not supported, and leaks memory. Do not use it. Check out 
lru-cache if you want a good and tested way to coalesce async requests by a key value, which is much more comprehensive
 and powerful.
#18 71.63 npm WARN deprecated glob@7.2.3: Old versions of glob are not supported, and contain widely publicized securit
y vulnerabilities, which have been fixed in the current version. Please update. Support for old versions may be purchas
ed (at exorbitant rates) by contacting i@izs.me
#18 72.13 npm WARN deprecated uuid@8.3.2: uuid@10 and below is no longer supported.  For ESM codebases, update to uuid@
latest.  For CommonJS codebases, use uuid@11 (but be aware this version will likely be deprecated in 2028).
#18 72.32 npm WARN deprecated rimraf@3.0.2: Rimraf versions prior to v4 are no longer supported
#18 74.41 npm WARN deprecated @humanwhocodes/object-schema@2.0.3: Use @eslint/object-schema instead
#18 75.10 npm WARN deprecated rimraf@3.0.2: Rimraf versions prior to v4 are no longer supported
#18 75.28 npm WARN deprecated @humanwhocodes/config-array@0.13.0: Use @eslint/config-array instead
#18 76.33 npm WARN deprecated @babel/plugin-proposal-numeric-separator@7.18.6: This proposal has been merged to the ECM
AScript standard and thus this plugin is no longer maintained. Please use @babel/plugin-transform-numeric-separator ins
tead.
#18 76.33 npm WARN deprecated @babel/plugin-proposal-private-methods@7.18.6: This proposal has been merged to the ECMAS
cript standard and thus this plugin is no longer maintained. Please use @babel/plugin-transform-private-methods instead
.
#18 76.41 npm WARN deprecated @babel/plugin-proposal-class-properties@7.18.6: This proposal has been merged to the ECMA
Script standard and thus this plugin is no longer maintained. Please use @babel/plugin-transform-class-properties inste
ad.
#18 76.41 npm WARN deprecated @babel/plugin-proposal-nullish-coalescing-operator@7.18.6: This proposal has been merged 
to the ECMAScript standard and thus this plugin is no longer maintained. Please use @babel/plugin-transform-nullish-coa
lescing-operator instead.
#18 76.52 npm WARN deprecated @babel/plugin-proposal-optional-chaining@7.21.0: This proposal has been merged to the ECM
AScript standard and thus this plugin is no longer maintained. Please use @babel/plugin-transform-optional-chaining ins
tead.
#18 78.39 npm WARN deprecated @babel/plugin-proposal-private-methods@7.18.6: This proposal has been merged to the ECMAS
cript standard and thus this plugin is no longer maintained. Please use @babel/plugin-transform-private-methods instead
.
#18 78.39 npm WARN deprecated @babel/plugin-proposal-numeric-separator@7.18.6: This proposal has been merged to the ECM
AScript standard and thus this plugin is no longer maintained. Please use @babel/plugin-transform-numeric-separator ins
tead.
#18 78.40 npm WARN deprecated @babel/plugin-proposal-class-properties@7.18.6: This proposal has been merged to the ECMA
Script standard and thus this plugin is no longer maintained. Please use @babel/plugin-transform-class-properties inste
ad.
#18 78.40 npm WARN deprecated @babel/plugin-proposal-private-property-in-object@7.21.11: This proposal has been merged 
to the ECMAScript standard and thus this plugin is no longer maintained. Please use @babel/plugin-transform-private-pro
perty-in-object instead.
#18 78.46 npm WARN deprecated @babel/plugin-proposal-optional-chaining@7.21.0: This proposal has been merged to the ECM
AScript standard and thus this plugin is no longer maintained. Please use @babel/plugin-transform-optional-chaining ins
tead.
#18 78.53 npm WARN deprecated @babel/plugin-proposal-nullish-coalescing-operator@7.18.6: This proposal has been merged 
to the ECMAScript standard and thus this plugin is no longer maintained. Please use @babel/plugin-transform-nullish-coa
lescing-operator instead.
#18 78.94 npm WARN deprecated @humanwhocodes/object-schema@2.0.3: Use @eslint/object-schema instead
#18 79.43 npm WARN deprecated @humanwhocodes/config-array@0.13.0: Use @eslint/config-array instead
#18 80.38 npm WARN deprecated svgo@1.3.2: This SVGO version is no longer supported. Upgrade to v2.x.x.
#18 83.03 npm WARN deprecated svgo@1.3.2: This SVGO version is no longer supported. Upgrade to v2.x.x.
#18 94.04 npm WARN deprecated eslint@8.57.1: This version is no longer supported. Please see https://eslint.org/version
-support for other options.
#18 100.3 npm WARN deprecated eslint@8.57.1: This version is no longer supported. Please see https://eslint.org/version
-support for other options.
#18 104.6 npm WARN deprecated @babel/plugin-proposal-private-property-in-object@7.21.11: This proposal has been merged 
to the ECMAScript standard and thus this plugin is no longer maintained. Please use @babel/plugin-transform-private-pro
perty-in-object instead.
#18 107.2 npm WARN deprecated @mui/base@5.0.0-beta.40-1: This package has been replaced by @base-ui/react
#18 135.8 
#18 135.8 added 1410 packages, and audited 1411 packages in 2m
#18 135.8 
#18 135.8 293 packages are looking for funding
#18 135.8   run `npm fund` for details
#18 135.9 
#18 135.9 34 vulnerabilities (9 low, 10 moderate, 15 high)
#18 135.9 
#18 135.9 To address issues that do not require attention, run:
#18 135.9   npm audit fix
#18 135.9 
#18 135.9 To address all issues (including breaking changes), run:
#18 135.9   npm audit fix --force
#18 135.9 
#18 135.9 Run `npm audit` for details.
#18 135.9 npm notice 
#18 135.9 npm notice New major version of npm available! 8.19.4 -> 12.0.2
#18 135.9 npm notice Changelog: <https://github.com/npm/cli/releases/tag/v12.0.2>
#18 135.9 npm notice Run `npm install -g npm@12.0.2` to update!
#18 135.9 npm notice 
#18 137.9 
#18 137.9 added 1611 packages, and audited 1612 packages in 2m
#18 137.9 
#18 137.9 424 packages are looking for funding
#18 137.9   run `npm fund` for details
#18 138.0 
#18 138.0 36 vulnerabilities (9 low, 10 moderate, 15 high, 2 critical)
#18 138.0 
#18 138.0 To address issues that do not require attention, run:
#18 138.0   npm audit fix
#18 138.0 
#18 138.0 To address all issues (including breaking changes), run:
#18 138.0   npm audit fix --force
#18 138.0 
#18 138.0 Run `npm audit` for details.
#18 138.0 npm notice 
#18 138.0 npm notice New major version of npm available! 8.19.4 -> 12.0.2
#18 138.0 npm notice Changelog: <https://github.com/npm/cli/releases/tag/v12.0.2>
#18 138.0 npm notice Run `npm install -g npm@12.0.2` to update!
#18 138.0 npm notice 
#18 DONE 138.8s

#19 [builder 6/6] RUN DISABLE_ESLINT_PLUGIN='true' REACT_APP_VERSION=$(cat ./VERSION) npm run build --prefix /web/defau
lt &     DISABLE_ESLINT_PLUGIN='true' REACT_APP_VERSION=$(cat ./VERSION) npm run build --prefix /web/berry &     DISABL
E_ESLINT_PLUGIN='true' REACT_APP_VERSION=$(cat ./VERSION) npm run build --prefix /web/air &     wait
#19 1.911 
#19 1.911 > one_api_web@1.0.0 build
#19 1.911 > react-scripts build && mv -f build ../build/berry
#19 1.911 
#19 1.912 
#19 1.912 > react-template@0.1.0 build
#19 1.912 > react-scripts build && rm -rf ../build/default && mv -f build ../build/default
#19 1.912 
#19 1.914 
#19 1.914 > react-template@0.1.0 build
#19 1.914 > react-scripts build && mv -f build ../build/air
#19 1.914 
#19 4.074 Creating an optimized production build...
#19 4.107 Creating an optimized production build...
#19 4.209 Creating an optimized production build...
#19 71.93 Compiled successfully.
#19 71.93 
#19 71.93 File sizes after gzip:
#19 71.93 
#19 72.07   174.05 kB  build/static/js/main.e78f65ed.js
#19 72.08   129.24 kB  build/static/js/51.42b1466f.chunk.js
#19 72.08   55.9 kB    build/static/js/585.8b661cc1.chunk.js
#19 72.08   32.56 kB   build/static/js/219.87fce4c9.chunk.js
#19 72.08   29.81 kB   build/static/js/509.80996827.chunk.js
#19 72.08   11.78 kB   build/static/js/822.f2f2e48b.chunk.js
#19 72.08   11.71 kB   build/static/js/96.7c9eb97b.chunk.js
#19 72.08   10.92 kB   build/static/js/464.5932fd5c.chunk.js
#19 72.08   9.34 kB    build/static/js/721.65217c5b.chunk.js
#19 72.08   9.03 kB    build/static/js/814.8d090453.chunk.js
#19 72.08   8.62 kB    build/static/js/381.5a3cbbb3.chunk.js
#19 72.08   8.25 kB    build/static/js/331.58eb43ae.chunk.js
#19 72.08   8.01 kB    build/static/js/101.900966c6.chunk.js
#19 72.08   7.33 kB    build/static/js/415.ed4a2e58.chunk.js
#19 72.08   6.34 kB    build/static/js/208.3b4172c5.chunk.js
#19 72.08   6.18 kB    build/static/js/402.ebf98af4.chunk.js
#19 72.08   5.92 kB    build/static/js/930.6bbddfb5.chunk.js
#19 72.08   4.64 kB    build/static/js/224.28b3d5aa.chunk.js
#19 72.08   4.5 kB     build/static/js/871.f4e1bf5d.chunk.js
#19 72.08   4.4 kB     build/static/js/813.396ddfba.chunk.js
#19 72.08   4.3 kB     build/static/js/905.b580dc45.chunk.js
#19 72.08   4.19 kB    build/static/js/260.55c0020a.chunk.js
#19 72.08   3.93 kB    build/static/js/154.f9df2549.chunk.js
#19 72.08   3.67 kB    build/static/js/41.5234fa4e.chunk.js
#19 72.08   3.49 kB    build/static/js/739.216567dc.chunk.js
#19 72.08   3.48 kB    build/static/js/4.435bcbc9.chunk.js
#19 72.08   3.39 kB    build/static/js/444.79469eba.chunk.js
#19 72.08   3.21 kB    build/static/js/157.f04693cd.chunk.js
#19 72.08   3.18 kB    build/static/js/617.87108198.chunk.js
#19 72.08   2.52 kB    build/static/js/399.2609b3a7.chunk.js
#19 72.08   2.43 kB    build/static/js/982.7173cdb8.chunk.js
#19 72.08   2.43 kB    build/static/js/375.7a936923.chunk.js
#19 72.08   2.43 kB    build/static/js/397.a8bbc3b2.chunk.js
#19 72.08   1.21 kB    build/static/css/main.d77598b1.css
#19 72.08   809 B      build/static/js/347.3afcb8a4.chunk.js
#19 72.08   542 B      build/static/js/262.0dfbfdd3.chunk.js
#19 72.08 
#19 72.08 The project was built assuming it is hosted at /.
#19 72.08 You can control this with the homepage field in your package.json.
#19 72.08 
#19 72.08 The build folder is ready to be deployed.
#19 72.08 You may serve it with a static server:
#19 72.08 
#19 72.09   npm install -g serve
#19 72.09   serve -s build
#19 72.09 
#19 72.09 Find out more about deployment here:
#19 72.09 
#19 72.09   https://cra.link/deployment
#19 72.09 
#19 73.13 Compiled successfully.
#19 73.13 
#19 73.13 File sizes after gzip:
#19 73.13 
#19 73.23   297.09 kB (-92 B)  build/static/js/main.7e0b61e4.js
#19 73.23   106.77 kB          build/static/css/main.271d765d.css
#19 73.23   3.32 kB            build/static/css/665.d3dba4c6.chunk.css
#19 73.23   2.95 kB            build/static/js/665.2121540d.chunk.js
#19 73.23   1.59 kB            build/static/js/151.b1e51667.chunk.js
#19 73.23   744 B              build/static/js/585.80af3e0c.chunk.js
#19 73.23 
#19 73.23 The project was built assuming it is hosted at /.
#19 73.23 You can control this with the homepage field in your package.json.
#19 73.23 
#19 73.23 The build folder is ready to be deployed.
#19 73.24 You may serve it with a static server:
#19 73.24 
#19 73.24   npm install -g serve
#19 73.24   serve -s build
#19 73.24 
#19 73.24 Find out more about deployment here:
#19 73.24 
#19 73.24   https://cra.link/deployment
#19 73.24 
#19 135.5 Compiled successfully.
#19 135.5 
#19 135.5 File sizes after gzip:
#19 135.5 
#19 135.7   986.41 kB  build/static/js/main.eaba3997.js
#19 135.7   152.73 kB  build/static/css/main.7cb3d5b3.css
#19 135.7   1.32 kB    build/static/js/151.622a0d97.chunk.js
#19 135.7   766 B      build/static/js/585.229a1ffd.chunk.js
#19 135.7 
#19 135.7 The bundle size is significantly larger than recommended.
#19 135.7 Consider reducing it with code splitting: https://goo.gl/9VhYWB
#19 135.7 You can also analyze the project dependencies: https://goo.gl/LeUzfb
#19 135.7 
#19 135.7 The project was built assuming it is hosted at /.
#19 135.7 You can control this with the homepage field in your package.json.
#19 135.7 
#19 135.7 The build folder is ready to be deployed.
#19 135.7 You may serve it with a static server:
#19 135.7 
#19 135.7   npm install -g serve
#19 135.7   serve -s build
#19 135.7 
#19 135.7 Find out more about deployment here:
#19 135.7 
#19 135.7   https://cra.link/deployment
#19 135.7 
#19 DONE 136.3s

#20 [builder2 7/8] COPY --from=builder /web/build ./web/build
#20 DONE 1.9s

#21 [builder2 8/8] RUN go build -trimpath -ldflags "-s -w -X 'github.com/songquanpeng/one-api/common.Version=$(cat VERS
ION)' -linkmode external -extldflags '-static'" -o one-api
#21 DONE 109.9s

#22 [stage-2 2/4] RUN apk add --no-cache ca-certificates tzdata
#22 CACHED

#23 [stage-2 3/4] COPY --from=builder2 /build/one-api /
#23 DONE 0.2s

#24 [stage-2 4/4] WORKDIR /data
#24 DONE 0.1s

#25 exporting to image
#25 exporting layers
#25 exporting layers 3.4s done
#25 exporting manifest sha256:c4946bc3f318b782135c936cfce84b8d6241a41b03ed0597835d08cf87ebf096 0.0s done
#25 exporting config sha256:9fd0ab85311717d13f6000a891951235af058fc56c5ae2ad61474ff523391a71 0.0s done
#25 exporting attestation manifest sha256:bf704c968c4e877dd7dbc6ded5b7a4229c036018f409470471debc0d8ea3e510
#25 exporting attestation manifest sha256:bf704c968c4e877dd7dbc6ded5b7a4229c036018f409470471debc0d8ea3e510 0.1s done
#25 exporting manifest list sha256:5e3effab4c0260785d8a1adad88ff4780e8f57c7cf78564d1640e3982af0941c 0.0s done
#25 naming to docker.io/library/one-api-custom:latest
#25 naming to docker.io/library/one-api-custom:latest 0.0s done
#25 unpacking to docker.io/library/one-api-custom:latest
#25 unpacking to docker.io/library/one-api-custom:latest 0.5s done
#25 DONE 4.2s
